[almasahotel-alsokhna.com/index.html]
[backblue.gif]
[fade.gif]
[index.html]
[cdnjs.cloudflare.com/ajax/libs/toastr.js/latest/toastr.min.css]
[almasahotel-alsokhna.com/sokhna/css/custom.css]
[almasahotel-alsokhna.com/branch/2/almasa-hotel-alsokhna.html]
[almasahotel-alsokhna.com/uploads/Alsokhna_d7e0695bc7a7339eaa1abc693c17e8f7.png]
[almasahotel-alsokhna.com/about2/almasa-hotel-alsokhna.html]
[almasahotel-alsokhna.com/accommodations/2/almasa-hotel-alsokhna.html]
[almasahotel-alsokhna.com/dining/2/almasa-hotel-alsokhna.html]
[almasahotel-alsokhna.com/spa_branch/2/almasa-hotel-alsokhna.html]
[almasahotel-alsokhna.com/gallery/2/almasa-hotel-alsokhna.html]
[almasahotel-alsokhna.com/activities/2/almasa-hotel-alsokhna.html]
[almasahotel-alsokhna.com/uploads/Masa-33_4764b7407f80abfc833dac871dbc318e.jpg]
[almasahotel-alsokhna.com/uploads/Masa-50_057c4ac2ce9851b4d91cd723b386c55f.jpg]
[almasahotel-alsokhna.com/uploads/Untitled_8c5dd20afe2a5c6b04c11c06722cbed5.webm]
[almasahotel-alsokhna.com/ar.html]
[almasahotel-alsokhna.com/sokhna/js/common_scripts.js]
[almasahotel-alsokhna.com/sokhna/js/common_functions.js]
[almasahotel-alsokhna.com/sokhna/js/datepicker_inline.js]
[almasahotel-alsokhna.com/sokhna/js/slider.js]
[almasahotel-alsokhna.com/sokhna/js/jquery.flexslider.min.js]
[almasahotel-alsokhna.com/sokhna/js/slider_func.js]
[almasahotel-alsokhna.com/index.html]
[cdnjs.cloudflare.com/ajax/libs/toastr.js/latest/toastr.min.css]
[almasahotel-alsokhna.com/assets/images/placeholder.svg]
[almasahotel-alsokhna.com/sokhna/css/fontawesome/css/fontawesome.min.css]
[almasahotel-alsokhna.com/sokhna/css/fontawesome/css/fontawesome.css]
[almasahotel-alsokhna.com/sokhna/css/fontawesome/webfonts/fa-brands-400.woff2]
[almasahotel-alsokhna.com/sokhna/css/fontawesome/webfonts/fa-brands-400.ttf]
[almasahotel-alsokhna.com/sokhna/css/fontawesome/webfonts/fa-regular-400.woff2]
[almasahotel-alsokhna.com/sokhna/css/fontawesome/webfonts/fa-regular-400.ttf]
[almasahotel-alsokhna.com/sokhna/css/fontawesome/webfonts/fa-solid-900.woff2]
[almasahotel-alsokhna.com/sokhna/css/fontawesome/webfonts/fa-solid-900.ttf]
[almasahotel-alsokhna.com/sokhna/css/fontawesome/webfonts/fa-v4compatibility.woff2]
[almasahotel-alsokhna.com/sokhna/css/fontawesome/webfonts/fa-v4compatibility.ttf]
[almasahotel-alsokhna.com/sokhna/css/fontawesome/css/all.css]
[almasahotel-alsokhna.com/sokhna/css/bootstrap.min.css]
[almasahotel-alsokhna.com/sokhna/img/pattern.png]
[almasahotel-alsokhna.com/sokhna/img/pattern_2.png]
[almasahotel-alsokhna.com/sokhna/css/style.css]
[almasahotel-alsokhna.com/sokhna/css/bs-icon-font/fonts/bootstrap-iconse8a7e8a7.woff2]
[almasahotel-alsokhna.com/sokhna/css/bs-icon-font/fonts/bootstrap-iconse8a7e8a7.woff]
[almasahotel-alsokhna.com/sokhna/css/vendors.min.css]
[almasahotel-alsokhna.com/sokhna/css/flex_slider.css]
[almasahotel-alsokhna.com/sokhna/css/custom.css]
[almasahotel-alsokhna.com/ar/branch/2/386.html]
[almasahotel-alsokhna.com/ar/branch/2/news-1.html]
[almasahotel-alsokhna.com/ar/branch/2/almasa-hotel-alsokhna.html]
[almasahotel-alsokhna.com/branch/2/almasa-hotel-alsokhna.html]
[almasahotel-alsokhna.com/ar/about2/almasa-hotel-alsokhna.html]
[almasahotel-alsokhna.com/about2/almasa-hotel-alsokhna.html]
[almasahotel-alsokhna.com/uploads/Masa Hotel-2_Eh_cf861d5faada18bb1ff740c0348baf49.jpg]
[almasahotel-alsokhna.com/uploads/Masa-65_b3e434cf5a8a0e1767a24ef43282ef24.jpg]
[almasahotel-alsokhna.com/uploads/Masa-64_fdc4f87a389238ac4d4b3104963a97e5.jpg]
[almasahotel-alsokhna.com/uploads/Masa-63_3279d7bac85bf34ab46faad06b88a7d8.jpg]
[almasahotel-alsokhna.com/uploads/Masa-62_f9622778325770528d1e64d4cde442c1.jpg]
[almasahotel-alsokhna.com/uploads/Masa-61_d8666d648849d3bfc7775ecf88fccd4a.jpg]
[almasahotel-alsokhna.com/uploads/Masa-56_174e849400f9c3780d5ff18cadc24d7b.jpg]
[almasahotel-alsokhna.com/uploads/Masa-51_0c85e2ce0df102dcea7795c936ce2b39.jpg]
[almasahotel-alsokhna.com/uploads/Masa Hotel-10_Eh_96a05e9668c8a84a55e798ae03da128b.jpg]
[almasahotel-alsokhna.com/uploads/Masa-52_91cfa0cb325e56d40631febc2da036ad.jpg]
[almasahotel-alsokhna.com/uploads/Masa Hotel-5_Eh_868e9bcd08cd151b9d0dd2f495f71363.jpg]
[almasahotel-alsokhna.com/ar/accommodations/2/almasa-hotel-alsokhna.html]
[almasahotel-alsokhna.com/accommodations/2/almasa-hotel-alsokhna.html]
[almasahotel-alsokhna.com/uploads/DJI_0247-Hi_138f21130446c38f8612ff938a43cded.jpg]
[almasahotel-alsokhna.com/uploads/dining 1_b5f896b8d282a1db059de1c06124041d.jpg]
[almasahotel-alsokhna.com/uploads/dining-2_b5f896b8d282a1db059de1c06124041d.jpg]
[almasahotel-alsokhna.com/uploads/271198220_4695969697146347_5047500166656041682_n_df52508d1ccf492517b8119e438894f2.jpg]
[almasahotel-alsokhna.com/ar/show_restaurant/24/aqua-marine.html]
[almasahotel-alsokhna.com/ar/show_restaurant/18/morgana-restaurant.html]
[almasahotel-alsokhna.com/uploads/Fountain-_51af2b10d28009530d7ddfffdc014c34_46674e0c4c3470b7f84cbae2501fb0e1.jpg]
[almasahotel-alsokhna.com/ar/show_restaurant/22/pearl.html]
[almasahotel-alsokhna.com/uploads/DJI-Almasa-00072_0771add25b8d7e35e507b28c1d70f5e0.jpg]
[almasahotel-alsokhna.com/uploads/DJI-Almasa-00077_01b296bf2a6c3211df1ad0c748ec6c26.jpg]
[almasahotel-alsokhna.com/ar/show_restaurant/27/pool-area.html]
[almasahotel-alsokhna.com/ar/show_restaurant/20/arabian-pergola.html]
[almasahotel-alsokhna.com/uploads/Morgana Seafood Restaurant.2_4a9103a0e458f5b3b023c180899c722f.jpg]
[almasahotel-alsokhna.com/uploads/Al Khedawy Oriantal Food Restaurant._4a9103a0e458f5b3b023c180899c722f.jpg]
[almasahotel-alsokhna.com/ar/show_restaurant/13/alkhedawy-restaurant.html]
[almasahotel-alsokhna.com/uploads/4Z4A9253-Hi_16c7f01a8d3589c5d97b4606b9a6c7c2.jpg]
[almasahotel-alsokhna.com/uploads/4Z4A9225 2-Hi_091f8de23a1d21b1222b5ba5448b1d77.jpg]
[almasahotel-alsokhna.com/ar/show_restaurant/26/onyx-cafe.html]
[almasahotel-alsokhna.com/ar/show_restaurant/17/villa-beirut-restaurant.html]
[almasahotel-alsokhna.com/uploads/home2_41b8d067eca9f9ad433b0bab1de81d31.jpg]
[almasahotel-alsokhna.com/ar/show_restaurant/23/gawhara.html]
[almasahotel-alsokhna.com/uploads/Gardenio Cafe__09c3368edfa7bfe2b9ba613c63eb685e.jpg]
[almasahotel-alsokhna.com/ar/show_restaurant/21/gradenio-cafe.html]
[almasahotel-alsokhna.com/uploads/DJI_0245-Hi_89477af1babfb995598293206f1f4e1e.jpg]
[almasahotel-alsokhna.com/uploads/DJI-Almasa-00047-Hi_e9b8781ebbdeb811d108f2b3cee16397.jpg]
[almasahotel-alsokhna.com/ar/show_restaurant/25/al-fayrouz-retaurant.html]
[almasahotel-alsokhna.com/uploads/DJI_0248-Low_3737b7d47711039bc1b3378b2e6dc73f_63a5fb3e218571d205bcb9eeaf202a00.jpg]
[almasahotel-alsokhna.com/ar/show_restaurant/19/almasa-lounge.html]
[almasahotel-alsokhna.com/ar/dining/2/almasa-hotel-alsokhna.html]
[almasahotel-alsokhna.com/dining/2/almasa-hotel-alsokhna.html]
[almasahotel-alsokhna.com/uploads/Hairdresser_45ab5cfa720dcaf418c4987ed059444b.jpg]
[almasahotel-alsokhna.com/ar/spa_branch/2/check-room.html]
[almasahotel-alsokhna.com/ar/spa_branch/2/almasa-hotel-alsokhna.html]
[almasahotel-alsokhna.com/spa_branch/2/almasa-hotel-alsokhna.html]
[almasahotel-alsokhna.com/uploads/Masa-48_83e6218789e48c50895e66266d38f15f.jpg]
[almasahotel-alsokhna.com/ar/show_album/2/general.html]
[almasahotel-alsokhna.com/uploads/_ART1975-HDR_Eh_5f04b1b2a8f3695ce0aac94635ce8306.jpg]
[almasahotel-alsokhna.com/ar/gallery/2/almasa-hotel-alsokhna.html]
[almasahotel-alsokhna.com/gallery/2/almasa-hotel-alsokhna.html]
[almasahotel-alsokhna.com/ar/activities/2/almasa-hotel-alsokhna.html]
[almasahotel-alsokhna.com/activities/2/almasa-hotel-alsokhna.html]
[almasahotel-alsokhna.com/386.html]
[almasahotel-alsokhna.com/news-1.html]
[almasahotel-alsokhna.com/sokhna/css/style_ar.css]
[almasahotel-alsokhna.com/ar.html]
[almasahotel-alsokhna.com/sokhna/img/plus.svg]
[almasahotel-alsokhna.com/sokhna/img/minus.svg]
[almasahotel-alsokhna.com/sokhna/img/drag_icon.html]
[almasahotel-alsokhna.com/sokhna/css/custom-icons/fonts/hotel-icons.html]
[almasahotel-alsokhna.com/sokhna/css/custom-icons/fonts/hotel-iconsd41d.html]
[almasahotel-alsokhna.com/sokhna/css/custom-icons/fonts/hotel-icons-2.html]
[almasahotel-alsokhna.com/sokhna/css/custom-icons/fonts/hotel-icons-3.html]
[almasahotel-alsokhna.com/sokhna/css/custom-icons/fonts/hotel-icons-4.html]
[almasahotel-alsokhna.com/sokhna/css/custom-icons/fonts/hotel.html]
[almasahotel-alsokhna.com/sokhna/css/custom-icons/fonts/hoteld41d.html]
[almasahotel-alsokhna.com/sokhna/css/custom-icons/fonts/hotel-2.html]
[almasahotel-alsokhna.com/sokhna/css/custom-icons/fonts/hotel-3.html]
[almasahotel-alsokhna.com/sokhna/css/custom-icons/fonts/hotel-4.html]
[almasahotel-alsokhna.com/sokhna/css/custom-icons/fonts/spa.html]
[almasahotel-alsokhna.com/sokhna/css/custom-icons/fonts/spad41d.html]
[almasahotel-alsokhna.com/sokhna/css/custom-icons/fonts/spa-2.html]
[almasahotel-alsokhna.com/sokhna/css/custom-icons/fonts/spa-3.html]
[almasahotel-alsokhna.com/sokhna/css/custom-icons/fonts/spa-4.html]
[almasahotel-alsokhna.com/ar/branch/2/386.html]
[almasahotel-alsokhna.com/ar/branch/2/news-1.html]
[almasahotel-alsokhna.com/ar/branch/2/almasa-hotel-alsokhna.html]
[almasahotel-alsokhna.com/ar/about2/almasa-hotel-alsokhna.html]
[almasahotel-alsokhna.com/uploads/Masa-53_69ad39573a2175c6a4e226c4666001d9.jpg]
[almasahotel-alsokhna.com/ar/accommodations/2/almasa-hotel-alsokhna.html]
[almasahotel-alsokhna.com/nasr/css/style_ar.css]
[almasahotel-alsokhna.com/ar/branch/1/fndk-almas-mdyn-nsr.html]
[almasahotel-alsokhna.com/uploads/NasrCity_6fa28f05f6d8ac1c20d64b6ae31acc6d.png]
[almasahotel-alsokhna.com/ar/about1/fndk-almas-mdyn-nsr.html]
[almasahotel-alsokhna.com/ar/accommodations/1/fndk-almas-mdyn-nsr.html]
[almasahotel-alsokhna.com/ar/offer/1/fndk-almas-mdyn-nsr.html]
[almasahotel-alsokhna.com/ar/dining/1/fndk-almas-mdyn-nsr.html]
[almasahotel-alsokhna.com/ar/spa_branch/1/fndk-almas-mdyn-nsr.html]
[almasahotel-alsokhna.com/ar/gallery/1/fndk-almas-mdyn-nsr.html]
[almasahotel-alsokhna.com/ar/wedding_branch/1/fndk-almas-mdyn-nsr)}}.html]
[almasahotel-alsokhna.com/ar/meeting_branch/1/fndk-almas-mdyn-nsr.html]
[almasahotel-alsokhna.com/ar/activities/1/fndk-almas-mdyn-nsr.html]
[almasahotel-alsokhna.com/nasr/js/jquery-3.6.0.min.js]
[almasahotel-alsokhna.com/nasr/js/jquery-migrate-3.0.0.min.js]
[almasahotel-alsokhna.com/nasr/js/modernizr-2.6.2.min.js]
[almasahotel-alsokhna.com/nasr/js/imagesloaded.pkgd.min.js]
[almasahotel-alsokhna.com/nasr/js/jquery.isotope.v3.0.2.js]
[almasahotel-alsokhna.com/nasr/js/pace.js]
[almasahotel-alsokhna.com/nasr/js/popper.min.js]
[almasahotel-alsokhna.com/nasr/js/bootstrap.min.js]
[almasahotel-alsokhna.com/nasr/js/scrollIt.min.js]
[almasahotel-alsokhna.com/nasr/js/jquery.waypoints.min.js]
[almasahotel-alsokhna.com/nasr/js/owl.carousel.min.js]
[almasahotel-alsokhna.com/nasr/js/jquery.stellar.min.js]
[almasahotel-alsokhna.com/nasr/js/jquery.magnific-popup.js]
[almasahotel-alsokhna.com/nasr/js/YouTubePopUp.js]
[almasahotel-alsokhna.com/nasr/js/select2.js]
[almasahotel-alsokhna.com/nasr/js/datepicker.js]
[almasahotel-alsokhna.com/nasr/js/jquery.lazy.min.js]
[almasahotel-alsokhna.com/nasr/js/custom.js]
[almasahotel-alsokhna.com/ar/show_restaurant/24/aqua-marine.html]
[almasahotel-alsokhna.com/ar/show_restaurant/18/morgana-restaurant.html]
[almasahotel-alsokhna.com/ar/show_restaurant/22/pearl.html]
[almasahotel-alsokhna.com/ar/show_restaurant/27/pool-area.html]
[almasahotel-alsokhna.com/ar/show_restaurant/20/arabian-pergola.html]
[almasahotel-alsokhna.com/ar/show_restaurant/13/alkhedawy-restaurant.html]
[almasahotel-alsokhna.com/ar/show_restaurant/26/onyx-cafe.html]
[almasahotel-alsokhna.com/ar/show_restaurant/17/villa-beirut-restaurant.html]
[almasahotel-alsokhna.com/ar/show_restaurant/23/gawhara.html]
[almasahotel-alsokhna.com/ar/show_restaurant/21/gradenio-cafe.html]
[almasahotel-alsokhna.com/ar/show_restaurant/25/al-fayrouz-retaurant.html]
[almasahotel-alsokhna.com/ar/show_restaurant/19/almasa-lounge.html]
[almasahotel-alsokhna.com/ar/show_restaurant/23/algohr.html]
[almasahotel-alsokhna.com/ar/show_restaurant/22/lolo.html]
[almasahotel-alsokhna.com/ar/show_restaurant/17/mtaam-fyla-byrot.html]
[almasahotel-alsokhna.com/ar/show_restaurant/21/ghradynyo-kafyh.html]
[almasahotel-alsokhna.com/ar/show_restaurant/20/alaarysh-alaarby.html]
[almasahotel-alsokhna.com/ar/show_restaurant/19/sal-almas.html]
[almasahotel-alsokhna.com/ar/show_restaurant/26/aonyks-kafyh.html]
[almasahotel-alsokhna.com/ar/show_restaurant/13/mtaam-alkhdyoy.html]
[almasahotel-alsokhna.com/ar/show_restaurant/25/mtaam-alfyroz.html]
[almasahotel-alsokhna.com/ar/show_restaurant/18/mtaam-morgana.html]
[almasahotel-alsokhna.com/ar/show_restaurant/27/mntk-hmam-alsbah.html]
[almasahotel-alsokhna.com/ar/show_restaurant/24/akoa-maryn.html]
[almasahotel-alsokhna.com/ar/dining/2/almasa-hotel-alsokhna.html]
[almasahotel-alsokhna.com/ar/spa_branch/2/check-room.html]
[almasahotel-alsokhna.com/ar/spa_branch/2/almasa-hotel-alsokhna.html]
[almasahotel-alsokhna.com/uploads/Masa Hotel-18_Eh_ba65dea55d1281cf3490d4c07009e950.jpg]
[almasahotel-alsokhna.com/uploads/Masa-32_Eh_2cc3f9a05ad78715f8be8961d35f2476.jpg]
[almasahotel-alsokhna.com/uploads/Masa-31_71c62c551d7fde6ee2d2bd57c56fd237.jpg]
[almasahotel-alsokhna.com/uploads/Masa-30_255f95acb0c0373a3f2e0e268cc9dbc5.jpg]
[almasahotel-alsokhna.com/uploads/Masa-29_5267a6290f66a061a10d84a4425282a6.jpg]
[almasahotel-alsokhna.com/uploads/Masa-34_c62e0dc45d4662c4c4ef141a95a19695.jpg]
[almasahotel-alsokhna.com/uploads/Masa-36_fe45e05b2eb7e8dab9eb8eafef8706fd.jpg]
[almasahotel-alsokhna.com/uploads/Masa-37_431eb788469dd568374ec86013387c03.jpg]
[almasahotel-alsokhna.com/uploads/Masa-49_5ae5cf902785e0ce902c7b3c5b823019.jpg]
[almasahotel-alsokhna.com/uploads/Masa-38_55350697226d12c531272baa0a8e4baf.jpg]
[almasahotel-alsokhna.com/ar/show_album/2/general.html]
[almasahotel-alsokhna.com/ar/gallery/2/almasa-hotel-alsokhna.html]
[almasahotel-alsokhna.com/ar/activities/2/almasa-hotel-alsokhna.html]
[almasahotel-alsokhna.com/sokhna/css/style_ar.css]
[almasahotel-alsokhna.com/nasr/css/plugins/owl.theme.default.min.css]
[use.fontawesome.com/releases/v5.7.2/css/all.css]
[almasahotel-alsokhna.com/nasr/css/plugins.css]
[almasahotel-alsokhna.com/nasr/img/slider/1.jpg]
[almasahotel-alsokhna.com/nasr/css/style.css]
[almasahotel-alsokhna.com/nasr/css/style_ar.css]
[almasahotel-alsokhna.com/uploads/DJI_0248-Hi_86b973134e3f49ff68cf2116a1e61bf6.jpg]
[almasahotel-alsokhna.com/uploads/DJI-Almasa-00004_dd614554fd00c797dd0796fc660c06e1.jpg]
[almasahotel-alsokhna.com/uploads/DJI-Almasa-00021_5f42141b8027f9682db0fbbad282fc32.jpg]
[almasahotel-alsokhna.com/uploads/DJI_0021-Hi_a2520d4f7fbcead06bbce059b16dbd3a.jpg]
[almasahotel-alsokhna.com/uploads/DJI-Almasa-00006-Hi_6fa0c84936d8515fd8208e0f1369f006.jpg]
[almasahotel-alsokhna.com/ar/news/12/altsoyr.html]
[almasahotel-alsokhna.com/ar/news/9/alaftar-f-fyla-byrot.html]
[almasahotel-alsokhna.com/branch/1/fndk-almas-mdyn-nsr.html]
[almasahotel-alsokhna.com/ar/branch/1/fndk-almas-mdyn-nsr.html]
[almasahotel-alsokhna.com/about1/fndk-almas-mdyn-nsr.html]
[almasahotel-alsokhna.com/ar/about1/fndk-almas-mdyn-nsr.html]
[almasahotel-alsokhna.com/uploads/Deluxe 1_5382b3e99123b633c50acbaccf177b17.jpg]
[almasahotel-alsokhna.com/accommodations/1/fndk-almas-mdyn-nsr.html]
[almasahotel-alsokhna.com/ar/accommodations/1/fndk-almas-mdyn-nsr.html]
[almasahotel-alsokhna.com/ar/offer/1/offer-details.html]
[almasahotel-alsokhna.com/ar/show_offer/3/aard-aayd-almylad.html]
[almasahotel-alsokhna.com/ar/show_offer/2/aard-khas-alkrysms.html]
[almasahotel-alsokhna.com/uploads/Family Suite Masa 1 - 3_091c739f8cf567c882a5913fe15a19af.jpg]
[almasahotel-alsokhna.com/ar/show_offer/4/aard-alaaayl.html]
[almasahotel-alsokhna.com/uploads/STD TB _2a261f9f005d71ca7da5c0dbd128814e.jpg]
[almasahotel-alsokhna.com/ar/show_offer/1/aard-alkrysms.html]
[almasahotel-alsokhna.com/uploads/Grand Deluxe 3_3c0a562b07463fc7d662767b230e0825.jpg]
[almasahotel-alsokhna.com/ar/show_offer/5/aard-shhr-alaasl.html]
[almasahotel-alsokhna.com/offer/1/fndk-almas-mdyn-nsr.html]
[almasahotel-alsokhna.com/ar/offer/1/fndk-almas-mdyn-nsr.html]
[almasahotel-alsokhna.com/dining/1/fndk-almas-mdyn-nsr.html]
[almasahotel-alsokhna.com/ar/dining/1/fndk-almas-mdyn-nsr.html]
[almasahotel-alsokhna.com/ar/spa_branch/1/check-room.html]
[almasahotel-alsokhna.com/spa_branch/1/fndk-almas-mdyn-nsr.html]
[almasahotel-alsokhna.com/ar/spa_branch/1/fndk-almas-mdyn-nsr.html]
[almasahotel-alsokhna.com/uploads/Fountain-_efb3e1ae9907b91ceb5433db6f9b06de.jpg]
[almasahotel-alsokhna.com/uploads/DJI-Almasa-00008-Hi_d93b6a489500652b3b4daf1bd5bef565.jpg]
[almasahotel-alsokhna.com/uploads/DJI-Almasa-00007-Hi_58cded1b3a8d7bdb50a7e29ae0be8ea5.jpg]
[almasahotel-alsokhna.com/uploads/DJI_0259-Hi_c415d05387784131cd1e9e42b52ca653.jpg]
[almasahotel-alsokhna.com/uploads/DJI-Almasa-00001-Hi_8eb6517408f67b4fe8dd6ecb63f802bd.jpg]
[almasahotel-alsokhna.com/uploads/DJI_0258-Hi_815d25aaabb00f69b9052bed9d788d03.jpg]
[almasahotel-alsokhna.com/uploads/DJI_0249-Hi_11bc77e7481a3fcda082262d3ebbdc6c.jpg]
[almasahotel-alsokhna.com/uploads/DJI_0245-Hi_4131e6c021d5e652e0b045b042f2d872.jpg]
[almasahotel-alsokhna.com/uploads/DJI_0246-Hi_aec090e94a565238b49e6478bd8938dc.jpg]
[almasahotel-alsokhna.com/uploads/Swimming Pool_307982e46917a2bc2a19edb96c9e38e1.jpg]
[almasahotel-alsokhna.com/uploads/DJI-Almasa-00048-Hi_0af43b858a836850b041e08f181a9b3d.jpg]
[almasahotel-alsokhna.com/uploads/DJI-Almasa-00049-Hi_10e466096140bfb81fb6f6d066f20c74.jpg]
[almasahotel-alsokhna.com/uploads/DJI-Almasa-00050-Hi_3718e6b0063791e253a919cb06b1a84c.jpg]
[almasahotel-alsokhna.com/uploads/DJI-Almasa-00043-Hi_5326c6d390d11b85b704e50a51cca3c2.jpg]
[almasahotel-alsokhna.com/uploads/DJI-Almasa-00016-Hi_93c414d5647660f858b336adbf274ee0.jpg]
[almasahotel-alsokhna.com/uploads/DJI-Almasa-00023-Hi_dc7a7270453c2776393f48edd8243665.jpg]
[almasahotel-alsokhna.com/uploads/DJI-Almasa-00017-Hi_1f3b6ebba12776dc9c7b7bcb37c3118b.jpg]
[almasahotel-alsokhna.com/uploads/DJI-Almasa-00064_0151b9fee13d1429a4b001469d8722de.jpg]
[almasahotel-alsokhna.com/uploads/AL Gawhara Main Restaurant_c104be4337f4a21e5175b0655baa9476.jpg]
[almasahotel-alsokhna.com/gallery/1/fndk-almas-mdyn-nsr.html]
[almasahotel-alsokhna.com/ar/gallery/1/fndk-almas-mdyn-nsr.html]
[almasahotel-alsokhna.com/uploads/DJI-Almasa-00073_4cd0b55ef98559a033d39c1b304f900b.jpg]
[almasahotel-alsokhna.com/ar/wedding/7/kaaa-allolo.html]
[almasahotel-alsokhna.com/ar/wedding/8/kaaa-zomoroda.html]
[almasahotel-alsokhna.com/uploads/DJI-Almasa-00076_6b0eea79963aa00e69e6c0dd37ba7a68.jpg]
[almasahotel-alsokhna.com/ar/wedding/9/kaaa-alzmrd.html]
[almasahotel-alsokhna.com/ar/wedding/10/kaaa-alrks-alandlsy.html]
[almasahotel-alsokhna.com/uploads/DJI-Almasa-00069_f94cb70b6b8dae26aae3ce03ec836bbc.jpg]
[almasahotel-alsokhna.com/uploads/DJI-Almasa-00063_a8b173401cbf19eab6880b88daa754b0.jpg]
[almasahotel-alsokhna.com/ar/wedding/11/mntk-hmam-alsbah.html]
[almasahotel-alsokhna.com/ar/wedding/12/hdyk-sal-almas.html]
[almasahotel-alsokhna.com/ar/wedding/13/gardynyo-gardn.html]
[almasahotel-alsokhna.com/wedding_branch/1/fndk-almas-mdyn-nsr)}}.html]
[almasahotel-alsokhna.com/ar/wedding_branch/1/fndk-almas-mdyn-nsr)}}.html]
[almasahotel-alsokhna.com/ar/meeting/3/kaaa-allolo.html]
[almasahotel-alsokhna.com/ar/meeting/4/kaaa-zomoroda.html]
[almasahotel-alsokhna.com/ar/meeting/5/kaaa-alzmrd.html]
[almasahotel-alsokhna.com/ar/meeting/6/kaaa-alrks-alandlsy.html]
[almasahotel-alsokhna.com/ar/meeting/7/galyna.html]
[almasahotel-alsokhna.com/ar/meeting/8/alyakot.html]
[almasahotel-alsokhna.com/ar/meeting/9/solytyr1.html]
[almasahotel-alsokhna.com/ar/meeting/10/solytyr-2.html]
[almasahotel-alsokhna.com/ar/meeting/12/althhby.html]
[almasahotel-alsokhna.com/meeting_branch/1/fndk-almas-mdyn-nsr.html]
[almasahotel-alsokhna.com/ar/meeting_branch/1/fndk-almas-mdyn-nsr.html]
[almasahotel-alsokhna.com/uploads/Bowling_db7c8a8078fbc00d6636e3dc6b97961c.jpg]
[almasahotel-alsokhna.com/ar/activity15/mlaab-kr-kdm.html]
[almasahotel-alsokhna.com/uploads/Bowling_555a43ac597136c2c11714f3558dd162.jpg]
[almasahotel-alsokhna.com/ar/activity18/akadymyat-altns.html]
[almasahotel-alsokhna.com/ar/activity12/alblyardo.html]
[almasahotel-alsokhna.com/uploads/Billiards_e3a200f62ae859e74ff5f77f21ac40c1.jpg]
[almasahotel-alsokhna.com/ar/activity11/albolyng.html]
[almasahotel-alsokhna.com/ar/activity17/akadymyat-kr-alkdm.html]
[almasahotel-alsokhna.com/ar/activity16/mlaab-tns.html]
[almasahotel-alsokhna.com/ar/activity9/dor-alsynma.html]
[almasahotel-alsokhna.com/uploads/Cenima_4c2597001b2c02f415f17e8b95be49fe.jpg]
[almasahotel-alsokhna.com/ar/activity8/mhaka-altyran-alnfath.html]
[almasahotel-alsokhna.com/ar/activity13/hdyk-alatfal.html]
[almasahotel-alsokhna.com/activities/1/fndk-almas-mdyn-nsr.html]
[almasahotel-alsokhna.com/ar/activities/1/fndk-almas-mdyn-nsr.html]
[almasahotel-nasrcity.com/uploads/Morgana1.html]
[almasahotel-nasrcity.com/uploads/Morgana2.html]
[almasahotel-nasrcity.com/uploads/Morgana3.html]
[almasahotel-nasrcity.com/uploads/Morgana4.html]
[almasahotel-nasrcity.com/uploads/Morgana5.html]
[almasahotel-nasrcity.com/uploads/Morgana6.html]
[almasahotel-nasrcity.com/uploads/Morgana7.html]
[almasahotel-nasrcity.com/uploads/Morgana8.html]
[almasahotel-alsokhna.com/uploads/Pergoula1 (1).html]
[almasahotel-alsokhna.com/uploads/Pergoula1 (2).html]
[almasahotel-alsokhna.com/uploads/Pergoula1 (3).html]
[almasahotel-alsokhna.com/uploads/Pergoula1 (4).html]
[almasahotel-alsokhna.com/uploads/Pergoula1 (5).html]
[almasahotel-alsokhna.com/uploads/Pergoula1 (6).html]
[almasahotel-alsokhna.com/uploads/Pergoula1 (7).html]
[almasahotel-alsokhna.com/uploads/Pergoula1 (8).html]
[almasahotel-alsokhna.com/uploads/Pergoula1 (9).html]
[almasahotel-alsokhna.com/uploads/Pergoula1 (10).html]
[almasahotel-alsokhna.com/uploads/Pergoula1 (11).html]
[almasahotel-alsokhna.com/uploads/Pergoula1 (12).html]
[almasahotel-alsokhna.com/uploads/Pergoula1 (13).html]
[almasahotel-alsokhna.com/uploads/Pergoula1 (14).html]
[almasahotel-alsokhna.com/uploads/Pergoula1 (15).html]
[almasahotel-alsokhna.com/uploads/Pergoula1 (16).html]
[almasahotel-alsokhna.com/uploads/Pergoula1 (17).html]
[almasahotel-alsokhna.com/uploads/Pergoula1 (18).html]
[almasahotel-alsokhna.com/uploads/Pergoula1 (19).html]
[almasahotel-alsokhna.com/uploads/Pergoula1 (20).html]
[almasahotel-alsokhna.com/uploads/Pergoula1 (21).html]
[almasahotel-alsokhna.com/uploads/Pergoula1 (22).html]
[almasahotel-alsokhna.com/show_restaurant/23/algohr.html]
[almasahotel-alsokhna.com/ar/show_restaurant/23/algohr.html]
[almasahotel-alsokhna.com/show_restaurant/22/lolo.html]
[almasahotel-alsokhna.com/ar/show_restaurant/22/lolo.html]
[almasahotel-alsokhna.com/show_restaurant/17/mtaam-fyla-byrot.html]
[almasahotel-alsokhna.com/ar/show_restaurant/17/mtaam-fyla-byrot.html]
[almasahotel-alsokhna.com/show_restaurant/21/ghradynyo-kafyh.html]
[almasahotel-alsokhna.com/ar/show_restaurant/21/ghradynyo-kafyh.html]
[almasahotel-alsokhna.com/show_restaurant/20/alaarysh-alaarby.html]
[almasahotel-alsokhna.com/ar/show_restaurant/20/alaarysh-alaarby.html]
[almasahotel-alsokhna.com/show_restaurant/19/sal-almas.html]
[almasahotel-alsokhna.com/ar/show_restaurant/19/sal-almas.html]
[almasahotel-alsokhna.com/show_restaurant/26/aonyks-kafyh.html]
[almasahotel-alsokhna.com/ar/show_restaurant/26/aonyks-kafyh.html]
[almasahotel-alsokhna.com/show_restaurant/13/mtaam-alkhdyoy.html]
[almasahotel-alsokhna.com/ar/show_restaurant/13/mtaam-alkhdyoy.html]
[almasahotel-alsokhna.com/show_restaurant/25/mtaam-alfyroz.html]
[almasahotel-alsokhna.com/ar/show_restaurant/25/mtaam-alfyroz.html]
[almasahotel-alsokhna.com/show_restaurant/18/mtaam-morgana.html]
[almasahotel-alsokhna.com/ar/show_restaurant/18/mtaam-morgana.html]
[almasahotel-alsokhna.com/show_restaurant/27/mntk-hmam-alsbah.html]
[almasahotel-alsokhna.com/ar/show_restaurant/27/mntk-hmam-alsbah.html]
[almasahotel-alsokhna.com/show_restaurant/24/akoa-maryn.html]
[almasahotel-alsokhna.com/ar/show_restaurant/24/akoa-maryn.html]
[almasahotel-alsokhna.com/ar/show_album/2.html]
[almasahotel-alsokhna.com/nasr/css/plugins/bootstrap.min.css]
[almasahotel-alsokhna.com/nasr/css/plugins/owl.carousel.min.css]
[almasahotel-alsokhna.com/nasr/css/plugins/owl.theme.default.min.css]
[almasahotel-alsokhna.com/nasr/css/plugins/animate.min.css]
[almasahotel-alsokhna.com/nasr/fonts/themify.eot]
[almasahotel-alsokhna.com/nasr/fonts/themifyd41dd41d.eot]
[almasahotel-alsokhna.com/nasr/fonts/themify.woff]
[almasahotel-alsokhna.com/nasr/fonts/themify.ttf]
[almasahotel-alsokhna.com/nasr/css/plugins/themify-icons.css]
[almasahotel-alsokhna.com/nasr/fonts/Flaticon.eot]
[almasahotel-alsokhna.com/nasr/fonts/Flaticond41dd41d.eot]
[almasahotel-alsokhna.com/nasr/fonts/Flaticon.woff2]
[almasahotel-alsokhna.com/nasr/fonts/Flaticon.woff]
[almasahotel-alsokhna.com/nasr/fonts/Flaticon.ttf]
[almasahotel-alsokhna.com/nasr/css/plugins/flaticon.css]
[almasahotel-alsokhna.com/nasr/css/plugins/magnific-popup.css]
[use.fontawesome.com/releases/v5.7.2/css/all.css]
[almasahotel-alsokhna.com/nasr/css/plugins/close.png]
[almasahotel-alsokhna.com/nasr/css/plugins/YouTubePopUp.css]
[almasahotel-alsokhna.com/nasr/css/plugins/select2.css]
[almasahotel-alsokhna.com/nasr/css/plugins/datepicker.css]
[almasahotel-alsokhna.com/nasr/css/plugins/vegas.slider.min.css]
[almasahotel-alsokhna.com/uploads/photosession_75389952d47bd1b7bec9c9dc0bad6289.jpg]
[almasahotel-alsokhna.com/uploads/villa beirut 00179_10b2032df2f3bec37de7851ca78515ad.jpg]
[almasahotel-alsokhna.com/news/12/altsoyr.html]
[almasahotel-alsokhna.com/ar/news/12/altsoyr.html]
[almasahotel-alsokhna.com/uploads/DJI_0003-Hi_fa6b833e598f0187329030df1ecd4559.jpg]
[almasahotel-alsokhna.com/uploads/DJI_0007-Hi_455db49ae7833f809cb89964b1a9c130.jpg]
[almasahotel-alsokhna.com/news/9/alaftar-f-fyla-byrot.html]
[almasahotel-alsokhna.com/ar/news/9/alaftar-f-fyla-byrot.html]
[almasahotel-alsokhna.com/branch/1/almasa-hotel-nasr-city.html]
[almasahotel-alsokhna.com/about1/almasa-hotel-nasr-city.html]
[almasahotel-alsokhna.com/accommodations/1/almasa-hotel-nasr-city.html]
[almasahotel-alsokhna.com/offer/1/almasa-hotel-nasr-city.html]
[almasahotel-alsokhna.com/dining/1/almasa-hotel-nasr-city.html]
[almasahotel-alsokhna.com/spa_branch/1/almasa-hotel-nasr-city.html]
[almasahotel-alsokhna.com/gallery/1/almasa-hotel-nasr-city.html]
[almasahotel-alsokhna.com/wedding_branch/1/almasa-hotel-nasr-city)}}.html]
[almasahotel-alsokhna.com/meeting_branch/1/almasa-hotel-nasr-city.html]
[almasahotel-alsokhna.com/activities/1/almasa-hotel-nasr-city.html]
[almasahotel-alsokhna.com/news/12/photo-session.html]
[almasahotel-alsokhna.com/news/9/villa-beruit-breakfast.html]
[almasahotel-alsokhna.com/branch/1/fndk-almas-mdyn-nsr.html]
[almasahotel-alsokhna.com/about1/fndk-almas-mdyn-nsr.html]
[almasahotel-alsokhna.com/accommodations/1/fndk-almas-mdyn-nsr.html]
[almasahotel-alsokhna.com/offer/1/offer-details.html]
[almasahotel-alsokhna.com/ar/offer/1/offer-details.html]
[almasahotel-alsokhna.com/ar/show_offer/3/news.html]
[almasahotel-alsokhna.com/uploads/Deluxe 2_8502f7a8c34b4b759d2e5835eba8d88f.jpg]
[almasahotel-alsokhna.com/uploads/Family Suite Masa 1 - 7_e0f0ff4eeb5f49da003d19f70328ab4a.jpg]
[almasahotel-alsokhna.com/uploads/Family Suite Masa 1 - 8_1fd5d8526e6052884c73451e6affa942.jpg]
[almasahotel-alsokhna.com/uploads/Family Suite Masa 1 - 9_a8474f1d496f1d6597f86e1d2e07d3e5.jpg]
[almasahotel-alsokhna.com/uploads/Family Suite Masa 1_9ea07709beb79426902095610ebaf636.jpg]
[almasahotel-alsokhna.com/uploads/Family Suite Masa 1 - 1_a5b88befe5b267e776000e15ad553d54.jpg]
[almasahotel-alsokhna.com/uploads/Family Suite Masa 1 - 5_1c6742c65ea08b3d56f9310624dc826d.jpg]
[almasahotel-alsokhna.com/uploads/Family Suite Masa 1 - 4_bb90a08000e0855a1a03142cd2d757fc.jpg]
[almasahotel-alsokhna.com/ar/show_offer/3/offer-details.html]
[almasahotel-alsokhna.com/show_offer/3/aard-aayd-almylad.html]
[almasahotel-alsokhna.com/ar/show_offer/3/aard-aayd-almylad.html]
[almasahotel-alsokhna.com/ar/show_offer/2/news.html]
[almasahotel-alsokhna.com/ar/show_offer/2/offer-details.html]
[almasahotel-alsokhna.com/show_offer/2/aard-khas-alkrysms.html]
[almasahotel-alsokhna.com/ar/show_offer/2/aard-khas-alkrysms.html]
[almasahotel-alsokhna.com/ar/show_offer/4/news.html]
[almasahotel-alsokhna.com/ar/show_offer/4/offer-details.html]
[almasahotel-alsokhna.com/show_offer/4/aard-alaaayl.html]
[almasahotel-alsokhna.com/ar/show_offer/4/aard-alaaayl.html]
[almasahotel-alsokhna.com/ar/show_offer/1/news.html]
[almasahotel-alsokhna.com/ar/show_offer/1/offer-details.html]
[almasahotel-alsokhna.com/show_offer/1/aard-alkrysms.html]
[almasahotel-alsokhna.com/ar/show_offer/1/aard-alkrysms.html]
[almasahotel-alsokhna.com/uploads/Grand Deluxe 8_b60507d63afa229f99456326efe7a65a.jpg]
[almasahotel-alsokhna.com/ar/show_offer/5/news.html]
[almasahotel-alsokhna.com/uploads/Grand Deluxe 9_0dd6eab5fabc17978e75ec655d128759.jpg]
[almasahotel-alsokhna.com/uploads/Grand Deluxe_e16e8ca76ae7a7b71b111d578c0dc9ae.jpg]
[almasahotel-alsokhna.com/uploads/Grand Deluxe 5_8936d1ebadc1540909bec102122623a9.jpg]
[almasahotel-alsokhna.com/uploads/Grand Deluxe 7_28fd9e60de224f174686b6cc58acfe99.jpg]
[almasahotel-alsokhna.com/uploads/Grand Deluxe 6_6ab61428770439a0bb0b0d6848bad502.jpg]
[almasahotel-alsokhna.com/uploads/Grand Deluxe 4_a5aa78b3c669fa98a1bf8ae10f63025f.jpg]
[almasahotel-alsokhna.com/uploads/Grand Deluxe 1_e4d4d0afc5b726a76a32ff102bead23b.jpg]
[almasahotel-alsokhna.com/uploads/Grand Deluxe 2_cd5e898754076353e9c9e3079f4700d3.jpg]
[almasahotel-alsokhna.com/ar/show_offer/5/offer-details.html]
[almasahotel-alsokhna.com/show_offer/5/aard-shhr-alaasl.html]
[almasahotel-alsokhna.com/ar/show_offer/5/aard-shhr-alaasl.html]
[almasahotel-alsokhna.com/show_offer/3/holiday-christmas.html]
[almasahotel-alsokhna.com/show_offer/2/christmas-hot-deal.html]
[almasahotel-alsokhna.com/show_offer/5/hony-moon.html]
[almasahotel-alsokhna.com/show_offer/1/christmas-offer.html]
[almasahotel-alsokhna.com/show_offer/4/family-holiday.html]
[almasahotel-alsokhna.com/offer/1/fndk-almas-mdyn-nsr.html]
[almasahotel-alsokhna.com/dining/1/fndk-almas-mdyn-nsr.html]
[almasahotel-alsokhna.com/spa_branch/1/check-room.html]
[almasahotel-alsokhna.com/ar/spa_branch/1/check-room.html]
[almasahotel-alsokhna.com/spa_branch/1/fndk-almas-mdyn-nsr.html]
[almasahotel-alsokhna.com/gallery/1/fndk-almas-mdyn-nsr.html]
[almasahotel-alsokhna.com/uploads/DJI-Almasa-00065_e0374486ddb93c0d775fe186a9d526dd.jpg]
[almasahotel-alsokhna.com/wedding/7/kaaa-allolo.html]
[almasahotel-alsokhna.com/ar/wedding/7/kaaa-allolo.html]
[almasahotel-alsokhna.com/wedding/8/kaaa-zomoroda.html]
[almasahotel-alsokhna.com/ar/wedding/8/kaaa-zomoroda.html]
[almasahotel-alsokhna.com/wedding/9/kaaa-alzmrd.html]
[almasahotel-alsokhna.com/ar/wedding/9/kaaa-alzmrd.html]
[almasahotel-alsokhna.com/wedding/10/kaaa-alrks-alandlsy.html]
[almasahotel-alsokhna.com/ar/wedding/10/kaaa-alrks-alandlsy.html]
[almasahotel-alsokhna.com/wedding/11/mntk-hmam-alsbah.html]
[almasahotel-alsokhna.com/ar/wedding/11/mntk-hmam-alsbah.html]
[almasahotel-alsokhna.com/wedding/12/hdyk-sal-almas.html]
[almasahotel-alsokhna.com/ar/wedding/12/hdyk-sal-almas.html]
[almasahotel-alsokhna.com/wedding/13/gardynyo-gardn.html]
[almasahotel-alsokhna.com/ar/wedding/13/gardynyo-gardn.html]
[almasahotel-alsokhna.com/wedding/7/loaloa-ballroom.html]
[almasahotel-alsokhna.com/wedding/8/zomoroda-ballroom.html]
[almasahotel-alsokhna.com/wedding/9/emerald-ballroom.html]
[almasahotel-alsokhna.com/wedding/10/andalusite-ballroom.html]
[almasahotel-alsokhna.com/wedding/11/pool-area.html]
[almasahotel-alsokhna.com/wedding/12/almasa-lounge-garden.html]
[almasahotel-alsokhna.com/wedding/13/gardenio-garden.html]
[almasahotel-alsokhna.com/wedding_branch/1/fndk-almas-mdyn-nsr)}}.html]
[almasahotel-alsokhna.com/meeting/3/kaaa-allolo.html]
[almasahotel-alsokhna.com/ar/meeting/3/kaaa-allolo.html]
[almasahotel-alsokhna.com/meeting/4/kaaa-zomoroda.html]
[almasahotel-alsokhna.com/ar/meeting/4/kaaa-zomoroda.html]
[almasahotel-alsokhna.com/meeting/5/kaaa-alzmrd.html]
[almasahotel-alsokhna.com/ar/meeting/5/kaaa-alzmrd.html]
[almasahotel-alsokhna.com/meeting/6/kaaa-alrks-alandlsy.html]
[almasahotel-alsokhna.com/ar/meeting/6/kaaa-alrks-alandlsy.html]
[almasahotel-alsokhna.com/meeting/7/galyna.html]
[almasahotel-alsokhna.com/ar/meeting/7/galyna.html]
[almasahotel-alsokhna.com/uploads/home1_8d28b4124abb0906ef538a4b40ac7790.jpg]
[almasahotel-alsokhna.com/meeting/8/alyakot.html]
[almasahotel-alsokhna.com/ar/meeting/8/alyakot.html]
[almasahotel-alsokhna.com/meeting/9/solytyr1.html]
[almasahotel-alsokhna.com/ar/meeting/9/solytyr1.html]
[almasahotel-alsokhna.com/meeting/10/solytyr-2.html]
[almasahotel-alsokhna.com/ar/meeting/10/solytyr-2.html]
[almasahotel-alsokhna.com/meeting/12/althhby.html]
[almasahotel-alsokhna.com/ar/meeting/12/althhby.html]
[almasahotel-alsokhna.com/meeting/3/loaloa-ballroom.html]
[almasahotel-alsokhna.com/meeting/4/zomoroda-ballroom.html]
[almasahotel-alsokhna.com/meeting/5/emerald-ballroom.html]
[almasahotel-alsokhna.com/meeting/6/andalusite-ballroom.html]
[almasahotel-alsokhna.com/meeting/7/galena.html]
[almasahotel-alsokhna.com/meeting/8/sapphire.html]
[almasahotel-alsokhna.com/meeting/9/solitare-1.html]
[almasahotel-alsokhna.com/meeting/10/solitere-2.html]
[almasahotel-alsokhna.com/meeting/12/al-zahabia.html]
[almasahotel-alsokhna.com/meeting_branch/1/fndk-almas-mdyn-nsr.html]
[almasahotel-alsokhna.com/activity15/mlaab-kr-kdm.html]
[almasahotel-alsokhna.com/ar/activity15/mlaab-kr-kdm.html]
[almasahotel-alsokhna.com/activity18/akadymyat-altns.html]
[almasahotel-alsokhna.com/ar/activity18/akadymyat-altns.html]
[almasahotel-alsokhna.com/activity12/alblyardo.html]
[almasahotel-alsokhna.com/ar/activity12/alblyardo.html]
[almasahotel-alsokhna.com/activity11/albolyng.html]
[almasahotel-alsokhna.com/ar/activity11/albolyng.html]
[almasahotel-alsokhna.com/activity17/akadymyat-kr-alkdm.html]
[almasahotel-alsokhna.com/ar/activity17/akadymyat-kr-alkdm.html]
[almasahotel-alsokhna.com/activity16/mlaab-tns.html]
[almasahotel-alsokhna.com/ar/activity16/mlaab-tns.html]
[almasahotel-alsokhna.com/activity9/dor-alsynma.html]
[almasahotel-alsokhna.com/ar/activity9/dor-alsynma.html]
[almasahotel-alsokhna.com/activity8/mhaka-altyran-alnfath.html]
[almasahotel-alsokhna.com/ar/activity8/mhaka-altyran-alnfath.html]
[almasahotel-alsokhna.com/activity13/hdyk-alatfal.html]
[almasahotel-alsokhna.com/ar/activity13/hdyk-alatfal.html]
[almasahotel-alsokhna.com/activity15/football-court.html]
[almasahotel-alsokhna.com/activity16/tennis-coupt.html]
[almasahotel-alsokhna.com/activity8/jet-flight-simulator.html]
[almasahotel-alsokhna.com/activity12/billards.html]
[almasahotel-alsokhna.com/activity13/kids-park.html]
[almasahotel-alsokhna.com/activity17/football-academies.html]
[almasahotel-alsokhna.com/activity11/bowling.html]
[almasahotel-alsokhna.com/activity9/cinemas.html]
[almasahotel-alsokhna.com/activity18/tennis-academies.html]
[almasahotel-alsokhna.com/activities/1/fndk-almas-mdyn-nsr.html]
[almasahotel-alsokhna.com/show_restaurant/23/algohr.html]
[almasahotel-alsokhna.com/show_restaurant/22/lolo.html]
[almasahotel-alsokhna.com/show_restaurant/17/mtaam-fyla-byrot.html]
[almasahotel-alsokhna.com/show_restaurant/21/ghradynyo-kafyh.html]
[almasahotel-alsokhna.com/show_restaurant/20/alaarysh-alaarby.html]
[almasahotel-alsokhna.com/show_restaurant/19/sal-almas.html]
[almasahotel-alsokhna.com/show_restaurant/26/aonyks-kafyh.html]
[almasahotel-alsokhna.com/show_restaurant/13/mtaam-alkhdyoy.html]
[almasahotel-alsokhna.com/show_restaurant/25/mtaam-alfyroz.html]
[almasahotel-alsokhna.com/show_restaurant/18/mtaam-morgana.html]
[almasahotel-alsokhna.com/show_restaurant/27/mntk-hmam-alsbah.html]
[almasahotel-alsokhna.com/show_restaurant/24/akoa-maryn.html]
[almasahotel-alsokhna.com/www.duruthemes.com/idesign/Roboto-v3/css/plugins/owl.video.play.html]
[almasahotel-alsokhna.com/nasr/fonts/themify.svg]
[almasahotel-alsokhna.com/nasr/fonts/Flaticon.svg]
[almasahotel-alsokhna.com/nasr/css/plugins/Flaticon.html]
[almasahotel-alsokhna.com/news/12/altsoyr.html]
[almasahotel-alsokhna.com/news/9/alaftar-f-fyla-byrot.html]
[almasahotel-alsokhna.com/ar/branch/1/almasa-hotel-nasr-city.html]
[almasahotel-alsokhna.com/branch/1/almasa-hotel-nasr-city.html]
[almasahotel-alsokhna.com/ar/about1/almasa-hotel-nasr-city.html]
[almasahotel-alsokhna.com/about1/almasa-hotel-nasr-city.html]
[almasahotel-alsokhna.com/ar/accommodations/1/almasa-hotel-nasr-city.html]
[almasahotel-alsokhna.com/accommodations/1/almasa-hotel-nasr-city.html]
[almasahotel-alsokhna.com/ar/offer/1/almasa-hotel-nasr-city.html]
[almasahotel-alsokhna.com/offer/1/almasa-hotel-nasr-city.html]
[almasahotel-alsokhna.com/ar/dining/1/almasa-hotel-nasr-city.html]
[almasahotel-alsokhna.com/dining/1/almasa-hotel-nasr-city.html]
[almasahotel-alsokhna.com/ar/spa_branch/1/almasa-hotel-nasr-city.html]
[almasahotel-alsokhna.com/spa_branch/1/almasa-hotel-nasr-city.html]
[almasahotel-alsokhna.com/ar/gallery/1/almasa-hotel-nasr-city.html]
[almasahotel-alsokhna.com/gallery/1/almasa-hotel-nasr-city.html]
[almasahotel-alsokhna.com/ar/wedding_branch/1/almasa-hotel-nasr-city)}}.html]
[almasahotel-alsokhna.com/wedding_branch/1/almasa-hotel-nasr-city)}}.html]
[almasahotel-alsokhna.com/ar/meeting_branch/1/almasa-hotel-nasr-city.html]
[almasahotel-alsokhna.com/meeting_branch/1/almasa-hotel-nasr-city.html]
[almasahotel-alsokhna.com/ar/activities/1/almasa-hotel-nasr-city.html]
[almasahotel-alsokhna.com/activities/1/almasa-hotel-nasr-city.html]
[almasahotel-alsokhna.com/ar/news/12/photo-session.html]
[almasahotel-alsokhna.com/news/12/photo-session.html]
[almasahotel-alsokhna.com/ar/news/9/villa-beruit-breakfast.html]
[almasahotel-alsokhna.com/news/9/villa-beruit-breakfast.html]
[almasahotel-alsokhna.com/offer/1/offer-details.html]
[almasahotel-alsokhna.com/show_offer/3/news.html]
[almasahotel-alsokhna.com/ar/show_offer/3/news.html]
[almasahotel-alsokhna.com/show_offer/3/offer-details.html]
[almasahotel-alsokhna.com/ar/show_offer/3/offer-details.html]
[almasahotel-alsokhna.com/show_offer/3/aard-aayd-almylad.html]
[almasahotel-alsokhna.com/show_offer/2/news.html]
[almasahotel-alsokhna.com/ar/show_offer/2/news.html]
[almasahotel-alsokhna.com/show_offer/2/offer-details.html]
[almasahotel-alsokhna.com/ar/show_offer/2/offer-details.html]
[almasahotel-alsokhna.com/show_offer/2/aard-khas-alkrysms.html]
[almasahotel-alsokhna.com/show_offer/4/news.html]
[almasahotel-alsokhna.com/ar/show_offer/4/news.html]
[almasahotel-alsokhna.com/show_offer/4/offer-details.html]
[almasahotel-alsokhna.com/ar/show_offer/4/offer-details.html]
[almasahotel-alsokhna.com/show_offer/4/aard-alaaayl.html]
[almasahotel-alsokhna.com/show_offer/1/news.html]
[almasahotel-alsokhna.com/ar/show_offer/1/news.html]
[almasahotel-alsokhna.com/show_offer/1/offer-details.html]
[almasahotel-alsokhna.com/ar/show_offer/1/offer-details.html]
[almasahotel-alsokhna.com/show_offer/1/aard-alkrysms.html]
[almasahotel-alsokhna.com/show_offer/5/news.html]
[almasahotel-alsokhna.com/ar/show_offer/5/news.html]
[almasahotel-alsokhna.com/show_offer/5/offer-details.html]
[almasahotel-alsokhna.com/ar/show_offer/5/offer-details.html]
[almasahotel-alsokhna.com/show_offer/5/aard-shhr-alaasl.html]
[almasahotel-alsokhna.com/ar/show_offer/3/holiday-christmas.html]
[almasahotel-alsokhna.com/show_offer/3/holiday-christmas.html]
[almasahotel-alsokhna.com/ar/show_offer/2/christmas-hot-deal.html]
[almasahotel-alsokhna.com/show_offer/2/christmas-hot-deal.html]
[almasahotel-alsokhna.com/ar/show_offer/5/hony-moon.html]
[almasahotel-alsokhna.com/show_offer/5/hony-moon.html]
[almasahotel-alsokhna.com/ar/show_offer/1/christmas-offer.html]
[almasahotel-alsokhna.com/show_offer/1/christmas-offer.html]
[almasahotel-alsokhna.com/ar/show_offer/4/family-holiday.html]
[almasahotel-alsokhna.com/show_offer/4/family-holiday.html]
[almasahotel-alsokhna.com/spa_branch/1/check-room.html]
[almasahotel-alsokhna.com/wedding/7/kaaa-allolo.html]
[almasahotel-alsokhna.com/wedding/8/kaaa-zomoroda.html]
[almasahotel-alsokhna.com/wedding/9/kaaa-alzmrd.html]
[almasahotel-alsokhna.com/wedding/10/kaaa-alrks-alandlsy.html]
[almasahotel-alsokhna.com/wedding/11/mntk-hmam-alsbah.html]
[almasahotel-alsokhna.com/wedding/12/hdyk-sal-almas.html]
[almasahotel-alsokhna.com/wedding/13/gardynyo-gardn.html]
[almasahotel-alsokhna.com/uploads/DJI-Almasa-00071_8322c49e843fe82268a7cedee1b62eac.JPG]
[almasahotel-alsokhna.com/ar/wedding/7/loaloa-ballroom.html]
[almasahotel-alsokhna.com/wedding/7/loaloa-ballroom.html]
[almasahotel-alsokhna.com/ar/wedding/8/zomoroda-ballroom.html]
[almasahotel-alsokhna.com/wedding/8/zomoroda-ballroom.html]
[almasahotel-alsokhna.com/ar/wedding/9/emerald-ballroom.html]
[almasahotel-alsokhna.com/wedding/9/emerald-ballroom.html]
[almasahotel-alsokhna.com/ar/wedding/10/andalusite-ballroom.html]
[almasahotel-alsokhna.com/wedding/10/andalusite-ballroom.html]
[almasahotel-alsokhna.com/ar/wedding/11/pool-area.html]
[almasahotel-alsokhna.com/wedding/11/pool-area.html]
[almasahotel-alsokhna.com/ar/wedding/12/almasa-lounge-garden.html]
[almasahotel-alsokhna.com/wedding/12/almasa-lounge-garden.html]
[almasahotel-alsokhna.com/ar/wedding/13/gardenio-garden.html]
[almasahotel-alsokhna.com/wedding/13/gardenio-garden.html]
[almasahotel-alsokhna.com/meeting/3/kaaa-allolo.html]
[almasahotel-alsokhna.com/meeting/4/kaaa-zomoroda.html]
[almasahotel-alsokhna.com/meeting/5/kaaa-alzmrd.html]
[almasahotel-alsokhna.com/meeting/6/kaaa-alrks-alandlsy.html]
[almasahotel-alsokhna.com/meeting/7/galyna.html]
[almasahotel-alsokhna.com/meeting/8/alyakot.html]
[almasahotel-alsokhna.com/meeting/9/solytyr1.html]
[almasahotel-alsokhna.com/meeting/10/solytyr-2.html]
[almasahotel-alsokhna.com/meeting/12/althhby.html]
[almasahotel-alsokhna.com/ar/meeting/3/loaloa-ballroom.html]
[almasahotel-alsokhna.com/meeting/3/loaloa-ballroom.html]
[almasahotel-alsokhna.com/ar/meeting/4/zomoroda-ballroom.html]
[almasahotel-alsokhna.com/meeting/4/zomoroda-ballroom.html]
[almasahotel-alsokhna.com/ar/meeting/5/emerald-ballroom.html]
[almasahotel-alsokhna.com/meeting/5/emerald-ballroom.html]
[almasahotel-alsokhna.com/ar/meeting/6/andalusite-ballroom.html]
[almasahotel-alsokhna.com/meeting/6/andalusite-ballroom.html]
[almasahotel-alsokhna.com/ar/meeting/7/galena.html]
[almasahotel-alsokhna.com/meeting/7/galena.html]
[almasahotel-alsokhna.com/ar/meeting/8/sapphire.html]
[almasahotel-alsokhna.com/meeting/8/sapphire.html]
[almasahotel-alsokhna.com/ar/meeting/9/solitare-1.html]
[almasahotel-alsokhna.com/meeting/9/solitare-1.html]
[almasahotel-alsokhna.com/ar/meeting/10/solitere-2.html]
[almasahotel-alsokhna.com/meeting/10/solitere-2.html]
[almasahotel-alsokhna.com/ar/meeting/12/al-zahabia.html]
[almasahotel-alsokhna.com/meeting/12/al-zahabia.html]
[almasahotel-alsokhna.com/activity15/mlaab-kr-kdm.html]
[almasahotel-alsokhna.com/activity18/akadymyat-altns.html]
[almasahotel-alsokhna.com/activity12/alblyardo.html]
[almasahotel-alsokhna.com/activity11/albolyng.html]
[almasahotel-alsokhna.com/activity17/akadymyat-kr-alkdm.html]
[almasahotel-alsokhna.com/activity16/mlaab-tns.html]
[almasahotel-alsokhna.com/activity9/dor-alsynma.html]
[almasahotel-alsokhna.com/activity8/mhaka-altyran-alnfath.html]
[almasahotel-alsokhna.com/activity13/hdyk-alatfal.html]
[almasahotel-alsokhna.com/ar/activity15/football-court.html]
[almasahotel-alsokhna.com/activity15/football-court.html]
[almasahotel-alsokhna.com/ar/activity16/tennis-coupt.html]
[almasahotel-alsokhna.com/activity16/tennis-coupt.html]
[almasahotel-alsokhna.com/ar/activity8/jet-flight-simulator.html]
[almasahotel-alsokhna.com/activity8/jet-flight-simulator.html]
[almasahotel-alsokhna.com/ar/activity12/billards.html]
[almasahotel-alsokhna.com/activity12/billards.html]
[almasahotel-alsokhna.com/ar/activity13/kids-park.html]
[almasahotel-alsokhna.com/activity13/kids-park.html]
[almasahotel-alsokhna.com/ar/activity17/football-academies.html]
[almasahotel-alsokhna.com/activity17/football-academies.html]
[almasahotel-alsokhna.com/ar/activity11/bowling.html]
[almasahotel-alsokhna.com/activity11/bowling.html]
[almasahotel-alsokhna.com/ar/activity9/cinemas.html]
[almasahotel-alsokhna.com/activity9/cinemas.html]
[almasahotel-alsokhna.com/ar/activity18/tennis-academies.html]
[almasahotel-alsokhna.com/activity18/tennis-academies.html]
[almasahotel-nasrcity.com/uploads/Villa Beirut Menu (1).html]
[almasahotel-nasrcity.com/uploads/Villa Beirut Menu (2).html]
[almasahotel-nasrcity.com/uploads/Villa Beirut Menu (3).html]
[almasahotel-nasrcity.com/uploads/Villa Beirut Menu (4).html]
[almasahotel-nasrcity.com/uploads/Villa Beirut Menu (5).html]
[almasahotel-nasrcity.com/uploads/Villa Beirut Menu (6).html]
[almasahotel-nasrcity.com/uploads/Villa Beirut Menu (7).html]
[almasahotel-nasrcity.com/uploads/Villa Beirut Menu (8).html]
[almasahotel-nasrcity.com/uploads/Villa Beirut Menu (9).html]
[almasahotel-nasrcity.com/uploads/Villa Beirut Menu (10).html]
[almasahotel-nasrcity.com/uploads/Villa Beirut Menu (11).html]
[almasahotel-nasrcity.com/uploads/Villa Beirut Menu (12).html]
[almasahotel-nasrcity.com/uploads/Villa Beirut Menu (13).html]
[almasahotel-nasrcity.com/uploads/Villa Beirut Menu (14).html]
[almasahotel-nasrcity.com/uploads/Villa Beirut Menu (15).html]
[almasahotel-nasrcity.com/uploads/Villa Beirut Menu (16).html]
[almasahotel-nasrcity.com/uploads/Pergoula1 (1).html]
[almasahotel-nasrcity.com/uploads/Pergoula1 (2).html]
[almasahotel-nasrcity.com/uploads/Pergoula1 (3).html]
[almasahotel-nasrcity.com/uploads/Pergoula1 (4).html]
[almasahotel-nasrcity.com/uploads/Pergoula1 (5).html]
[almasahotel-nasrcity.com/uploads/Pergoula1 (6).html]
[almasahotel-nasrcity.com/uploads/Pergoula1 (7).html]
[almasahotel-nasrcity.com/uploads/Pergoula1 (8).html]
[almasahotel-nasrcity.com/uploads/Pergoula1 (9).html]
[almasahotel-nasrcity.com/uploads/Pergoula1 (10).html]
[almasahotel-nasrcity.com/uploads/Pergoula1 (11).html]
[almasahotel-nasrcity.com/uploads/Pergoula1 (12).html]
[almasahotel-nasrcity.com/uploads/Pergoula1 (13).html]
[almasahotel-nasrcity.com/uploads/Pergoula1 (14).html]
[almasahotel-nasrcity.com/uploads/Pergoula1 (15).html]
[almasahotel-nasrcity.com/uploads/Pergoula1 (16).html]
[almasahotel-nasrcity.com/uploads/Pergoula1 (17).html]
[almasahotel-nasrcity.com/uploads/Pergoula1 (18).html]
[almasahotel-nasrcity.com/uploads/Pergoula1 (19).html]
[almasahotel-nasrcity.com/uploads/Pergoula1 (20).html]
[almasahotel-nasrcity.com/uploads/Pergoula1 (21).html]
[almasahotel-nasrcity.com/uploads/Pergoula1 (22).html]
[almasahotel-alsokhna.com/uploads/Morgana1.html]
[almasahotel-alsokhna.com/uploads/Morgana2.html]
[almasahotel-alsokhna.com/uploads/Morgana3.html]
[almasahotel-alsokhna.com/uploads/Morgana4.html]
[almasahotel-alsokhna.com/uploads/Morgana5.html]
[almasahotel-alsokhna.com/uploads/Morgana6.html]
[almasahotel-alsokhna.com/uploads/Morgana7.html]
[almasahotel-alsokhna.com/uploads/Morgana8.html]
[almasahotel-alsokhna.com/uploads/Morgana9.html]
[almasahotel-alsokhna.com/ar/branch/1/almasa-hotel-nasr-city.html]
[almasahotel-alsokhna.com/ar/about1/almasa-hotel-nasr-city.html]
[almasahotel-alsokhna.com/ar/accommodations/1/almasa-hotel-nasr-city.html]
[almasahotel-alsokhna.com/ar/offer/1/almasa-hotel-nasr-city.html]
[almasahotel-alsokhna.com/ar/dining/1/almasa-hotel-nasr-city.html]
[almasahotel-alsokhna.com/ar/spa_branch/1/almasa-hotel-nasr-city.html]
[almasahotel-alsokhna.com/ar/gallery/1/almasa-hotel-nasr-city.html]
[almasahotel-alsokhna.com/ar/wedding_branch/1/almasa-hotel-nasr-city)}}.html]
[almasahotel-alsokhna.com/ar/meeting_branch/1/almasa-hotel-nasr-city.html]
[almasahotel-alsokhna.com/ar/activities/1/almasa-hotel-nasr-city.html]
[almasahotel-alsokhna.com/ar/news/12/photo-session.html]
[almasahotel-alsokhna.com/ar/news/9/villa-beruit-breakfast.html]
[almasahotel-alsokhna.com/show_offer/3/news.html]
[almasahotel-alsokhna.com/show_offer/3/offer-details.html]
[almasahotel-alsokhna.com/show_offer/2/news.html]
[almasahotel-alsokhna.com/show_offer/2/offer-details.html]
[almasahotel-alsokhna.com/show_offer/4/news.html]
[almasahotel-alsokhna.com/show_offer/4/offer-details.html]
[almasahotel-alsokhna.com/show_offer/1/news.html]
[almasahotel-alsokhna.com/show_offer/1/offer-details.html]
[almasahotel-alsokhna.com/show_offer/5/news.html]
[almasahotel-alsokhna.com/show_offer/5/offer-details.html]
[almasahotel-alsokhna.com/ar/show_offer/3/holiday-christmas.html]
[almasahotel-alsokhna.com/ar/show_offer/2/christmas-hot-deal.html]
[almasahotel-alsokhna.com/ar/show_offer/5/hony-moon.html]
[almasahotel-alsokhna.com/ar/show_offer/1/christmas-offer.html]
[almasahotel-alsokhna.com/ar/show_offer/4/family-holiday.html]
[almasahotel-alsokhna.com/ar/wedding/7/loaloa-ballroom.html]
[almasahotel-alsokhna.com/ar/wedding/8/zomoroda-ballroom.html]
[almasahotel-alsokhna.com/ar/wedding/9/emerald-ballroom.html]
[almasahotel-alsokhna.com/ar/wedding/10/andalusite-ballroom.html]
[almasahotel-alsokhna.com/ar/wedding/11/pool-area.html]
[almasahotel-alsokhna.com/ar/wedding/12/almasa-lounge-garden.html]
[almasahotel-alsokhna.com/ar/wedding/13/gardenio-garden.html]
[almasahotel-alsokhna.com/ar/meeting/3/loaloa-ballroom.html]
[almasahotel-alsokhna.com/ar/meeting/4/zomoroda-ballroom.html]
[almasahotel-alsokhna.com/ar/meeting/5/emerald-ballroom.html]
[almasahotel-alsokhna.com/ar/meeting/6/andalusite-ballroom.html]
[almasahotel-alsokhna.com/ar/meeting/7/galena.html]
[almasahotel-alsokhna.com/ar/meeting/8/sapphire.html]
[almasahotel-alsokhna.com/ar/meeting/9/solitare-1.html]
[almasahotel-alsokhna.com/ar/meeting/10/solitere-2.html]
[almasahotel-alsokhna.com/ar/meeting/12/al-zahabia.html]
[almasahotel-alsokhna.com/ar/activity15/football-court.html]
[almasahotel-alsokhna.com/ar/activity16/tennis-coupt.html]
[almasahotel-alsokhna.com/ar/activity8/jet-flight-simulator.html]
[almasahotel-alsokhna.com/ar/activity12/billards.html]
[almasahotel-alsokhna.com/ar/activity13/kids-park.html]
[almasahotel-alsokhna.com/ar/activity17/football-academies.html]
[almasahotel-alsokhna.com/ar/activity11/bowling.html]
[almasahotel-alsokhna.com/ar/activity9/cinemas.html]
[almasahotel-alsokhna.com/ar/activity18/tennis-academies.html]
